// Jest Snapshot v1, https://goo.gl/fbAQLP

exports[`index declares the wdio terra-cli command with proper command level help 1`] = `
"terra wdio

Run wdio tests

Options:
      --version                         Show version number            [boolean]
      --help                            Show help                      [boolean]
      --assetServerPort                 The port to run the webpack and express
                                        asset services on.
                                                        [number] [default: 8080]
      --baseUrl                         The base url.                   [string]
      --browsers                        A list of browsers for the test run.
                                                                         [array]
  -c, --config                          A file path to the test runner
                                        configuration.                  [string]
      --disableSeleniumService          A flag to disable the selenium docker
                                        service.      [boolean] [default: false]
      --externalHost                    The host address the testing environment
                                        is connected to.                [string]
      --externalPort                    The port mapping from the host to the
                                        container.                      [number]
      --formFactors                     A list of form factors for the test run.
                                                                         [array]
      --gridUrl                         The remote selenium grid address.
                                                                        [string]
      --hostname                        Automation driver host address. [string]
      --keepAliveSeleniumDockerService  Determines to keep the selenium docker
                                        service running upon test completion.
                                                      [boolean] [default: false]
      --locales                         A list of language locales for the test
                                        run.           [array] [default: [\\"en\\"]]
      --port                            Automation driver port.         [number]
      --site                            A file path to a static directory of
                                        assets. When defined, an express server
                                        will launch to serve the assets and
                                        disable running webpack.        [string]
      --spec                            A list of spec file paths.       [array]
      --suite                           Overrides specs and runs only the
                                        defined suites.                  [array]
      --themes                          A list of themes for the test run.
                                      [array] [default: [\\"terra-default-theme\\"]]
  -u, --updateScreenshots               Whether or not to automatically update
                                        all reference screenshots with the
                                        latest screenshots.
                                                      [boolean] [default: false]"
`;

exports[`index declares the wdio terra-cli command with proper top level help 1`] = `
"terra [command]

Commands:
  terra wdio  Run wdio tests

Options:
  --version  Show version number                                       [boolean]
  --help     Show help                                                 [boolean]"
`;
